Configuration on demand is an incubating feature.
> Task :build-logic:checkKotlinGradlePluginConfigurationErrors SKIPPED
> Task :build-logic:compileKotlin UP-TO-DATE
> Task :build-logic:compileJava NO-SOURCE
> Task :build-logic:pluginDescriptors UP-TO-DATE
> Task :build-logic:processResources UP-TO-DATE
> Task :build-logic:classes UP-TO-DATE
> Task :build-logic:jar UP-TO-DATE
.\gradlew : 
At line:1 char:1
+ .\gradlew 
:app:assembleDebug -m > 
build_output.txt 2>&1
+ ~~~~~~~~~~~~~~~~~~~~~~~~~~~
~~~~~~~~~~~~~~~~~~~~~~~~~~~~
    + CategoryInfo           
   : NotSpecified: (:String  
  ) [], RemoteException
    + FullyQualifiedErrorId  
   : NativeCommandError
 
FAILURE: Build failed with 
an exception.

* Where:
Build file 'C:\GenesisOs-AOSP
\app\build.gradle.kts' line: 
1

* What went wrong:
An exception occurred 
applying plugin request [id: 
'genesis.android.application'
]
> Failed to apply plugin 'org
.jetbrains.kotlin.android'.
   > Failed to apply plugin '
org.jetbrains.kotlin.android'
     The 'org.jetbrains.kotli
n.android' plugin is not 
compatible with AGP's 9.0 
new DSL 
(`android.newDsl=true` is 
enabled by default).
     Solution: Set 
`android.builtInKotlin=true` 
in `gradle.properties` and 
migrate to built-in Kotlin 
(see https://kotl.in/gradle/a
gp-built-in-kotlin for 
guidance), or set 
`android.newDsl=false` in 
`gradle.properties` to 
temporarily bypass this 
issue.
     See https://kotl.in/grad
le/agp-new-dsl for more 
details.
      > class com.android.bui
ld.gradle.internal.dsl.Applic
ationExtensionImpl$AgpDecorat
ed_Decorated cannot be cast 
to class com.android.build.gr
adle.BaseExtension (com.andro
id.build.gradle.internal.dsl.
ApplicationExtensionImpl$AgpD
ecorated_Decorated and com.an
droid.build.gradle.BaseExtens
ion are in unnamed module of 
loader org.gradle.internal.cl
assloader.VisitableURLClassLo
ader$InstrumentingVisitableUR
LClassLoader @6f3feaae)

* Try:
> Run with --stacktrace 
option to get the stack 
trace.
> Run with --info or --debug 
option to get more log 
output.
> Run with --scan to get 
full insights from a Build 
Scan (powered by Develocity).
> Get more help at 
https://help.gradle.org.

BUILD FAILED in 2s
4 actionable tasks: 4 up-to-date
